t[s](1)           t[s/mm2](2)       D[mm](3)          D2[mm2](4)        (D/D0)^2[-](5)    S[mm2](6)         V[mm3](7)         dD/dt[mm/s](8)    dD2/dt[mm2/s](9)  dS/dt[mm2/s](10)  Kv[kg/m2/s](11)   T[K](12)          VL[m/s](13)       dummy(14)         WL_H2O(15)            WL_NC12H26(16)        
0.000000e+00      0.000000e+00      5.000000e-02      2.500000e-03      1.000000e+00      7.853982e-03      6.544985e-05      2.466430e-01      2.466430e-02      7.748518e-02      8.636147e-02      3.000000e+02      0.000000e+00      0.000000e+00      5.000000e-01          5.000000e-01          
0.000000e+00      0.000000e+00      5.000000e-02      2.500000e-03      1.000000e+00      7.853982e-03      6.544985e-05      6.036602e+01      6.036602e+00      1.896455e+01      2.103109e+01      3.000000e+02      6.548170e-19      0.000000e+00      5.000000e-01          5.000000e-01          
