t[s](1)           t[s/mm2](2)       D[mm](3)          D2[mm2](4)        (D/D0)^2[-](5)    TMax[K](6)        DTMax[mm](7)      DTMax/D[-](8)     OHMax[-](9)       DOHMax[mm](10)    DOHMax/D[-](11)   fvMax[-](12)      DfvMax[mm](13)    DfvMax/D[-](14)   
0.000000e+00      0.000000e+00      5.000000e-02      2.500000e-03      1.000000e+00      2.300000e+03      5.100000e-02      1.020000e+00      0.000000e+00      0.000000e+00      0.000000e+00      0.000000e+00      0.000000e+00      0.000000e+00      
0.000000e+00      0.000000e+00      5.000000e-02      2.500000e-03      1.000000e+00      2.300000e+03      5.100000e-02      1.020000e+00      0.000000e+00      0.000000e+00      0.000000e+00      0.000000e+00      0.000000e+00      0.000000e+00      
