t[s](1)           t[s/mm2](2)       D[mm](3)          D2[mm2](4)        (D/D0)^2[-](5)    mL[g](6)          mG[g](7)          ReacHeat[W](8)    Qrad[W](9)        Qfib[W](10)       Sur_Hev[W](11)    Sur_HconL[W](12)  Sur_HconG[W](13)  Sur_QRad[W](14)   Sur_Qfib[W](15)   Ext_QRad[W](16)   Vsoot[cm3](17)    msoot[g](18)      Nsoot[#](19)      AR(20)                N2(21)                O2(22)                H2(23)                H2O(24)               CO(25)                CO2(26)               NC12H26(27)           
0.000000e+00      0.000000e+00      5.000000e-02      2.500000e-03      1.000000e+00      4.614180e-08      2.303611e-05      0.000000e+00      0.000000e+00      0.000000e+00      -9.450641e-04     5.272171e-01      8.106693e-01      0.000000e+00      0.000000e+00      0.000000e+00      0.000000e+00      0.000000e+00      0.000000e+00      0.000000e+00          2.303611e-05          0.000000e+00          0.000000e+00          0.000000e+00          0.000000e+00          0.000000e+00          9.763784e-13          
0.000000e+00      0.000000e+00      5.000000e-02      2.500000e-03      1.000000e+00      4.614181e-08      2.303612e-05      0.000000e+00      0.000000e+00      0.000000e+00      -1.256806e-01     -6.288611e-01     6.644128e-01      0.000000e+00      0.000000e+00      0.000000e+00      0.000000e+00      0.000000e+00      0.000000e+00      1.899210e-27          2.303611e-05          0.000000e+00          1.882273e-28          2.724480e-13          0.000000e+00          0.000000e+00          1.272809e-11          
