t[s](1)           t[s/mm2](2)       D[mm](3)          D2[mm2](4)        (D/D0)^2[-](5)    S[mm2](6)         V[mm3](7)         dD/dt[mm/s](8)    dD2/dt[mm2/s](9)  dS/dt[mm2/s](10)  Kv[kg/m2/s](11)   T[K](12)          VL[m/s](13)       VG[m/s](14)       WL_H2O(15)            WG_H2O(16)            WL_NC12H26(17)        WG_NC12H26(18)        dHev[W/m2](19)    condL[W/m2](20)   condG[W/m2](21)   radiat[W/m2](22)  fiber[W/m2](23)   AR(24)                N2(25)                O2(26)                H2(27)                H2O(28)               CO(29)                CO2(30)               NC12H26(31)           
0.000000e+00      0.000000e+00      5.000000e-02      2.500000e-03      1.000000e+00      7.853982e-03      6.544985e-05      2.466430e-01      2.466430e-02      7.748518e-02      8.636147e-02      2.997000e+02      0.000000e+00      1.760000e-02      5.000000e-01          0.000000e+00          5.000000e-01          1.000000e-01          -1.203293e+05     6.712737e+07      1.032176e+08      0.000000e+00      0.000000e+00      0.000000e+00          9.820547e-01          0.000000e+00          0.000000e+00          0.000000e+00          0.000000e+00          0.000000e+00          1.794534e-02          
0.000000e+00      0.000000e+00      5.000000e-02      2.500000e-03      1.000000e+00      7.853982e-03      6.544985e-05      6.036602e+01      6.036602e+00      1.896455e+01      2.103109e+01      3.003551e+02      -1.797875e-05     2.155760e+00      5.093965e-01          1.403497e-02          4.906035e-01          6.556789e-01          -1.600215e+07     -8.006908e+07     8.459567e+07      0.000000e+00      0.000000e+00      1.491682e-16          7.181015e-01          0.000000e+00          2.929479e-16          4.745127e-02          0.000000e+00          0.000000e+00          2.344473e-01          
