t[s](1)           t[s/mm2](2)       D[mm](3)          D2[mm2](4)        (D/D0)^2[-](5)    mL[g](6)          m_H2O[g](7)           m_NC12H26[g](8)       W_H2O[-](9)           W_NC12H26[-](10)      
0.000000e+00      0.000000e+00      5.000000e-02      2.500000e-03      1.000000e+00      4.614180e-08      2.307090e-08          2.307090e-08          5.000000e-01          5.000000e-01          
0.000000e+00      0.000000e+00      5.000000e-02      2.500000e-03      1.000000e+00      4.614181e-08      2.307092e-08          2.307088e-08          5.000005e-01          4.999995e-01          
