t[s](1)           t[s/mm2](2)       D[mm](3)          D2[mm2](4)        (D/D0)^2[-](5)    S[mm2](6)         V[mm3](7)         dD/dt[mm/s](8)    dD2/dt[mm2/s](9)  dS/dt[mm2/s](10)  Kv[kg/m2/s](11)   T[K](12)          Tfib[k](13)       VG[m/s](14)       dummy (15)            WG_H2O(16)            dummy (17)            WG_NC12H26(18)        akp_gas[1/m](19)  akp_soot[1/m](20) dvQrad[W/m3](21)  dvQfib[W/m3](22)  rHeat[W/m3](23)   AR(24)                N2(25)                O2(26)                H2(27)                H2O(28)               CO(29)                CO2(30)               NC12H26(31)           
0.000000e+00      0.000000e+00      5.000000e-02      2.500000e-03      1.000000e+00      7.853982e-03      6.544985e-05      2.466430e-01      2.466430e-02      7.748518e-02      8.636147e-02      2.300000e+03      2.300000e+03      1.760000e-02      0.000000e+00          0.000000e+00          0.000000e+00          1.794534e-02          0.000000e+00      0.000000e+00      0.000000e+00      0.000000e+00      -0.000000e+00     0.000000e+00          1.000000e+00          0.000000e+00          0.000000e+00          0.000000e+00          0.000000e+00          0.000000e+00          1.794534e-02          
0.000000e+00      0.000000e+00      5.000000e-02      2.500000e-03      1.000000e+00      7.853982e-03      6.544985e-05      6.036602e+01      6.036602e+00      1.896455e+01      2.103109e+01      2.300000e+03      2.300000e+03      2.155760e+00      0.000000e+00          4.745127e-02          0.000000e+00          2.344473e-01          0.000000e+00      0.000000e+00      0.000000e+00      0.000000e+00      -0.000000e+00     1.491682e-16          1.000000e+00          0.000000e+00          2.929479e-16          4.745127e-02          0.000000e+00          0.000000e+00          2.344473e-01          
